
> nextn@0.1.0 build
> cross-env NODE_ENV=production next build

node.exe :  ΓÜá Warning: Next.js inferred your workspace root, but it may not 
be correct.
At line:1 char:1
+ & "C:\Program Files\nodejs/node.exe" "C:\Program Files\nodejs/node_mo ...
+ ~~~~~~~~~~~~~~~~~~~~~~~~~~~~~~~~~~~~~~~~~~~~~~~~~~~~~~~~~~~~~~~~~~~~~
    + CategoryInfo          : NotSpecified: ( ΓÜá Warning: N...not be correct. 
   :String) [], RemoteException
    + FullyQualifiedErrorId : NativeCommandError
 
 We detected multiple lockfiles and selected the directory of 
C:\Users\USER\Desktop\Crownshift_Logistics\package-lock.json as the root 
directory.
 To silence this warning, set `outputFileTracingRoot` in your Next.js config, 
or consider removing one of the lockfiles if it's not needed.
   See 
https://nextjs.org/docs/app/api-reference/config/next-config-js/output#caveats 
for more information.
 Detected additional lockfiles: 
   * 
C:\Users\USER\Desktop\Crownshift_Logistics\Crownshift-main\package-lock.json

   Γû▓ Next.js 15.5.9
   - Environments: .env.local

   Creating an optimized production build ...
 ΓÜá Compiled with warnings in 17.0s

./node_modules/@opentelemetry/instrumentation/build/esm/platform/node/instrumen
tation.js
Critical dependency: the request of a dependency is an expression

Import trace for requested module:
./node_modules/@opentelemetry/instrumentation/build/esm/platform/node/instrumen
tation.js
./node_modules/@opentelemetry/instrumentation/build/esm/platform/node/index.js
./node_modules/@opentelemetry/instrumentation/build/esm/platform/index.js
./node_modules/@opentelemetry/instrumentation/build/esm/index.js
./node_modules/@opentelemetry/sdk-node/build/src/sdk.js
./node_modules/@opentelemetry/sdk-node/build/src/index.js
./node_modules/@genkit-ai/core/lib/tracing/node-telemetry-provider.js
./node_modules/@genkit-ai/core/lib/node.js
./node_modules/genkit/lib/common.js
./node_modules/genkit/lib/index.mjs
./src/ai/flows/instant-quote-generation.ts
./src/app/actions.ts
./src/app/admin/layout.tsx

 Γ£ô Compiled successfully in 38.0s
   Skipping validation of types
   Skipping linting
   Collecting page data ...
Error details: `cookies` was called outside a request scope. Read more: 
https://nextjs.org/docs/messages/next-dynamic-api-wrong-context
   Generating static pages (0/35) ...
   Generating static pages (8/35) 
   Generating static pages (17/35) 
   Generating static pages (26/35) 
 Γ£ô Generating static pages (35/35)
   Finalizing page optimization ...
   Collecting build traces ...

Route (app)                                 Size  First Load JS
Γöî Γùï /                                      158 B         280 kB
Γö£ Γùï /_not-found                            199 B         102 kB
Γö£ ╞Æ /admin                               13.1 kB         292 kB
Γö£ ╞Æ /admin/faqs                            199 B         102 kB
Γö£ ╞Æ /admin/login                         2.47 kB         234 kB
Γö£ ╞Æ /admin/offers                          199 B         102 kB
Γö£ ╞Æ /admin/services                        199 B         102 kB
Γö£ ╞Æ /admin/shipments                       199 B         102 kB
Γö£ ╞Æ /admin/shipments/[id]                4.36 kB         283 kB
Γö£ ╞Æ /api/admin/seed                        199 B         102 kB
Γö£ ╞Æ /api/admin/shipments/update            199 B         102 kB
Γö£ ╞Æ /api/auth/create-profile               199 B         102 kB
Γö£ ╞Æ /api/contact                           199 B         102 kB
Γö£ ╞Æ /api/fleet/assign                      199 B         102 kB
Γö£ ╞Æ /api/inventory/reserve                 199 B         102 kB
Γö£ ╞Æ /api/invoices/generate/[shipmentId]    199 B         102 kB
Γö£ ╞Æ /api/payments/mpesa                    199 B         102 kB
Γö£ ╞Æ /api/payments/mpesa/callback           199 B         102 kB
Γö£ ╞Æ /api/payments/stripe                   199 B         102 kB
Γö£ ╞Æ /api/payments/stripe/webhook           199 B         102 kB
Γö£ ╞Æ /api/shipments                         199 B         102 kB
Γö£ ╞Æ /api/tracking/[id]                     199 B         102 kB
Γö£ ╞Æ /api/webhooks/stripe                   199 B         102 kB
Γö£ ╞Æ /client                                158 B         280 kB
Γö£ Γùï /client/contact                      3.85 kB         139 kB
Γö£ Γùï /client/faq                          9.46 kB         144 kB
Γö£ Γùï /client/offers                       2.46 kB         152 kB
Γö£ Γùï /client/services                     4.43 kB         151 kB
Γö£ Γùï /client/testimonials                 10.3 kB         125 kB
Γö£ Γùï /client/tracking                       192 B         230 kB
Γö£ ╞Æ /dashboard                             199 B         102 kB
Γö£ ╞Æ /dashboard/shipments/[id]              380 B         160 kB
Γö£ Γùï /faq                                   199 B         102 kB
Γö£ Γùï /login                               3.66 kB         236 kB
Γö£ Γùï /offers                                199 B         102 kB
Γö£ Γùï /reviews                             4.87 kB         151 kB
Γö£ Γùï /services                              170 B         105 kB
Γö£ ΓùÅ /services/[slug]                       199 B         102 kB
Γö£ Γùï /tracking                              285 B         230 kB
Γöö ╞Æ /tracking/[trackingNumber]             380 B         160 kB
+ First Load JS shared by all             101 kB
  Γö£ chunks/1255-de0c1abd22c7cccd.js      45.2 kB
  Γö£ chunks/4bd1b696-182b6b13bdad92e3.js  54.2 kB
  Γöö other shared chunks (total)          2.01 kB


Γùï  (Static)   prerendered as static content
ΓùÅ  (SSG)      prerendered as static HTML (uses generateStaticParams)
╞Æ  (Dynamic)  server-rendered on demand

